Component: ARM Compiler 6.16 Tool: armlink [5dfeaa00]

==============================================================================

Section Cross References

    startup_stm32f411xe.o(STACK) refers (Special) to heapauxi.o(.text) for __use_two_region_memory
    startup_stm32f411xe.o(HEAP) refers (Special) to heapauxi.o(.text) for __use_two_region_memory
    startup_stm32f411xe.o(RESET) refers (Special) to heapauxi.o(.text) for __use_two_region_memory
    startup_stm32f411xe.o(RESET) refers to startup_stm32f411xe.o(STACK) for __initial_sp
    startup_stm32f411xe.o(RESET) refers to startup_stm32f411xe.o(.text) for Reset_Handler
    startup_stm32f411xe.o(RESET) refers to timer.o(.text) for SysTick_Handler
    startup_stm32f411xe.o(.text) refers (Special) to heapauxi.o(.text) for __use_two_region_memory
    startup_stm32f411xe.o(.text) refers to system_stm32f4xx.o(.text) for SystemInit
    startup_stm32f411xe.o(.text) refers to __main.o(!!!main) for __main
    startup_stm32f411xe.o(.text) refers to startup_stm32f411xe.o(HEAP) for Heap_Mem
    startup_stm32f411xe.o(.text) refers to startup_stm32f411xe.o(STACK) for Stack_Mem
    system_stm32f4xx.o(.text) refers to system_stm32f4xx.o(.data.SystemCoreClock) for SystemCoreClock
    system_stm32f4xx.o(.text) refers to system_stm32f4xx.o(.rodata.AHBPrescTable) for AHBPrescTable
    system_stm32f4xx.o(.ARM.exidx) refers to system_stm32f4xx.o(.text) for [Anonymous Symbol]
    stm32f4xx_ll_tim.o(.ARM.exidx) refers to stm32f4xx_ll_tim.o(.text) for [Anonymous Symbol]
    stm32f4xx_ll_gpio.o(.ARM.exidx) refers to stm32f4xx_ll_gpio.o(.text) for [Anonymous Symbol]
    stm32f4xx_ll_usart.o(.text) refers to stm32f4xx_ll_rcc.o(.text) for LL_RCC_GetSystemClocksFreq
    stm32f4xx_ll_usart.o(.text) refers to lludivv7m.o(.text) for __aeabi_uldivmod
    stm32f4xx_ll_usart.o(.ARM.exidx) refers to stm32f4xx_ll_usart.o(.text) for [Anonymous Symbol]
    stm32f4xx_ll_rcc.o(.text) refers to system_stm32f4xx.o(.rodata.AHBPrescTable) for AHBPrescTable
    stm32f4xx_ll_rcc.o(.text) refers to system_stm32f4xx.o(.rodata.APBPrescTable) for APBPrescTable
    stm32f4xx_ll_rcc.o(.ARM.exidx) refers to stm32f4xx_ll_rcc.o(.text) for [Anonymous Symbol]
    main.o(.text) refers to main.o(.rodata.str1.1) for .L.str
    main.o(.text) refers to printf.o(.text) for printf
    main.o(.text) refers to sw.o(.text) for SW_Init
    main.o(.text) refers to display.o(.text) for DISP_Init
    main.o(.text) refers to vc.o(.text) for VC_Init
    main.o(.text) refers to motor.o(.text) for Motor_Init
    main.o(.text) refers to timer.o(.text) for TMR_Init
    main.o(.text) refers to timer.o(.bss.Period_Flag) for Period_Flag
    main.o(.ARM.exidx) refers to main.o(.text) for [Anonymous Symbol]
    display.o(.text) refers to uart.o(.text) for UART_Init
    display.o(.text) refers to led.o(.text) for LED_Init
    display.o(.text) refers to display.o(.bss.DISP_Update.DISP_counter) for DISP_Update.DISP_counter
    display.o(.text) refers to dflt_clz.o(x$fpl$dfltu) for __aeabi_ui2d
    display.o(.text) refers to daddsub_clz.o(x$fpl$dadd) for __aeabi_dadd
    display.o(.text) refers to dfixu.o(x$fpl$dfixu) for __aeabi_d2uiz
    display.o(.text) refers to vc.o(.text) for VC_GetSpeed
    display.o(.text) refers to display.o(.bss.speed) for speed
    display.o(.text) refers to display.o(.rodata.str1.1) for .L.str
    display.o(.text) refers to printf.o(.text) for printf
    display.o(.text) refers to sw.o(.text) for SW_GetState
    display.o(.ARM.exidx) refers to display.o(.text) for [Anonymous Symbol]
    led.o(.text) refers to stm32f4xx_ll_gpio.o(.text) for LL_GPIO_Init
    led.o(.ARM.exidx) refers to led.o(.text) for [Anonymous Symbol]
    sw.o(.text) refers to stm32f4xx_ll_gpio.o(.text) for LL_GPIO_Init
    sw.o(.text) refers to sw.o(.bss.SWs_Info) for SWs_Info
    sw.o(.text) refers to sw.o(.bss.SW_Update.SW_counter) for SW_Update.SW_counter
    sw.o(.text) refers to sw.o(.bss.plus_sw) for plus_sw
    sw.o(.text) refers to sw.o(.bss.minus_sw) for minus_sw
    sw.o(.text) refers to sw.o(.bss.dust_sw) for dust_sw
    sw.o(.ARM.exidx) refers to sw.o(.text) for [Anonymous Symbol]
    timer.o(.text) refers to timer.o(.bss.TIMER2) for TIMER2
    timer.o(.text) refers to stm32f4xx_ll_tim.o(.text) for LL_TIM_Init
    timer.o(.text) refers to timer.o(.bss.SysTick_Handler.Current_Degree) for SysTick_Handler.Current_Degree
    timer.o(.text) refers to timer.o(.bss.Period_Flag) for Period_Flag
    timer.o(.text) refers to motor.o(.text) for Motor_idle
    timer.o(.text) refers to motor.o(.bss.Set_Angle) for Set_Angle
    timer.o(.text) refers to sw.o(.bss.Pressed_Sw_Flag) for Pressed_Sw_Flag
    timer.o(.text) refers to timer.o(.bss.SysTick_Handler.Debouncer_Counter) for SysTick_Handler.Debouncer_Counter
    timer.o(.ARM.exidx) refers to timer.o(.text) for [Anonymous Symbol]
    uart.o(.text) refers to stm32f4xx_ll_gpio.o(.text) for LL_GPIO_Init
    uart.o(.text) refers to stm32f4xx_ll_usart.o(.text) for LL_USART_Init
[...]
    .text                                    0x0800463a   Section        0  setvbuf.o(.text)
    _freopen_locked                          0x08004681   Thumb Code     0  fopen.o(.text)
    .text                                    0x08004680   Section        0  fopen.o(.text)
    .text                                    0x08004770   Section        0  fclose.o(.text)
    .text                                    0x080047bc   Section        0  exit.o(.text)
    .text                                    0x080047ce   Section        0  defsig_rtred_outer.o(.text)
    .text                                    0x080047dc   Section       78  rt_memclr_w.o(.text)
    .text                                    0x0800482c   Section        8  libspace.o(.text)
    .text                                    0x08004834   Section        8  rt_heap_descriptor_intlibspace.o(.text)
    .text                                    0x0800483c   Section        0  hguard.o(.text)
    .text                                    0x08004840   Section        0  init_alloc.o(.text)
    .text                                    0x080048ca   Section        0  h1_alloc.o(.text)
    .text                                    0x08004928   Section        0  fseek.o(.text)
    .text                                    0x08004a20   Section        0  stdio.o(.text)
    .text                                    0x08004b10   Section        0  defsig_exit.o(.text)
    .text                                    0x08004b1c   Section        0  defsig_rtred_inner.o(.text)
    .text                                    0x08004b50   Section        0  sys_exit.o(.text)
    .text                                    0x08004b5c   Section        0  maybetermalloc1.o(.text)
    .text                                    0x08004b5c   Section        0  h1_init.o(.text)
    .text                                    0x08004b6a   Section        0  h1_extend.o(.text)
    .text                                    0x08004b9e   Section        0  ftell.o(.text)
    .text                                    0x08004be0   Section        0  defsig_general.o(.text)
    .text                                    0x08004c12   Section        0  defsig_rtmem_outer.o(.text)
    .text                                    0x08004c20   Section        0  sys_wrch.o(.text)
    .text                                    0x08004c2e   Section        2  use_no_semi.o(.text)
    .text                                    0x08004c30   Section        0  indicate_semi.o(.text)
    .text                                    0x08004c30   Section        8  rt_errno_addr_intlibspace.o(.text)
    .text                                    0x08004c38   Section        0  defsig_rtmem_inner.o(.text)
    CL$$btod_d2e                             0x08004c88   Section       62  btod.o(CL$$btod_d2e)
    CL$$btod_d2e_denorm_low                  0x08004cc6   Section       70  btod.o(CL$$btod_d2e_denorm_low)
    CL$$btod_d2e_norm_op1                    0x08004d0c   Section       96  btod.o(CL$$btod_d2e_norm_op1)
    CL$$btod_div_common                      0x08004d6c   Section      824  btod.o(CL$$btod_div_common)
    CL$$btod_e2e                             0x080050a4   Section      220  btod.o(CL$$btod_e2e)
    CL$$btod_ediv                            0x08005180   Section       42  btod.o(CL$$btod_ediv)
    CL$$btod_emul                            0x080051aa   Section       42  btod.o(CL$$btod_emul)
    CL$$btod_mult_common                     0x080051d4   Section      580  btod.o(CL$$btod_mult_common)
    i.__ARM_fpclassify                       0x08005418   Section        0  fpclassify.o(i.__ARM_fpclassify)
    i._is_digit                              0x08005448   Section        0  __printf_wp.o(i._is_digit)
    i.fputc                                  0x08005456   Section        0  fputc.o(i.fputc)
    locale$$code                             0x08005470   Section       44  lc_numeric_c.o(locale$$code)
    locale$$code                             0x0800549c   Section       44  lc_ctype_c.o(locale$$code)
    $v0                                      0x080054c8   Number         0  daddsub_clz.o(x$fpl$dadd)
    x$fpl$dadd                               0x080054c8   Section      336  daddsub_clz.o(x$fpl$dadd)
    _dadd1                                   0x080054d9   Thumb Code     0  daddsub_clz.o(x$fpl$dadd)
    $v0                                      0x08005618   Number         0  dfixu.o(x$fpl$dfixu)
    x$fpl$dfixu                              0x08005618   Section       90  dfixu.o(x$fpl$dfixu)
    $v0                                      0x08005672   Number         0  dflt_clz.o(x$fpl$dfltu)
    x$fpl$dfltu                              0x08005672   Section       38  dflt_clz.o(x$fpl$dfltu)
    $v0                                      0x08005698   Number         0  dnaninf.o(x$fpl$dnaninf)
    x$fpl$dnaninf                            0x08005698   Section      156  dnaninf.o(x$fpl$dnaninf)
    $v0                                      0x08005734   Number         0  dretinf.o(x$fpl$dretinf)
    x$fpl$dretinf                            0x08005734   Section       12  dretinf.o(x$fpl$dretinf)
    $v0                                      0x08005740   Number         0  daddsub_clz.o(x$fpl$dsub)
    x$fpl$dsub                               0x08005740   Section      476  daddsub_clz.o(x$fpl$dsub)
    _dsub1                                   0x08005751   Thumb Code     0  daddsub_clz.o(x$fpl$dsub)
    $v0                                      0x0800591c   Number         0  fpinit.o(x$fpl$fpinit)
    x$fpl$fpinit                             0x0800591c   Section       26  fpinit.o(x$fpl$fpinit)
    $v0                                      0x08005936   Number         0  printf1.o(x$fpl$printf1)
    x$fpl$printf1                            0x08005936   Section        4  printf1.o(x$fpl$printf1)
    $v0                                      0x0800593a   Number         0  printf2.o(x$fpl$printf2)
    x$fpl$printf2                            0x0800593a   Section        4  printf2.o(x$fpl$printf2)
    x$fpl$usenofp                            0x0800593e   Section        0  usenofp.o(x$fpl$usenofp)
    initial_mbstate                          0x08005940   Data           8  _printf_wctomb.o(.constdata)
    .constdata                               0x08005940   Section        8  _printf_wctomb.o(.constdata)
    uc_hextab                                0x08005948   Data          20  _printf_hex_int_ll_ptr.o(.constdata)
    .constdata                               0x08005948   Section       40  _printf_hex_int_ll_ptr.o(.constdata)
    lc_hextab                                0x0800595c   Data          20  _printf_hex_int_ll_ptr.o(.constdata)
    maptable                                 0x08005970   Data          17  __printf_flags_ss_wp.o(.constdata)
    .constdata                               0x08005970   Section       17  __printf_flags_ss_wp.o(.constdata)
    lc_hextab                                0x08005981   Data          19  _printf_fp_hex.o(.constdata)
    .constdata                               0x08005981   Section       38  _printf_fp_hex.o(.constdata)
    uc_hextab                                0x08005994   Data          19  _printf_fp_hex.o(.constdata)
    tenpwrs_x                                0x080059a8   Data          60  bigflt0.o(.constdata)
    .constdata                               0x080059a8   Section      148  bigflt0.o(.constdata)
    tenpwrs_i                                0x080059e4   Data          64  bigflt0.o(.constdata)
    .L.str                                   0x08005a6b   Data          32  main.o(.rodata.str1.1)
    [Anonymous Symbol]                       0x08005a6b   Section        0  main.o(.rodata.str1.1)
    .L.str.4                                 0x08005a8b   Data           6  display.o(.rodata.str1.1)
    [Anonymous Symbol]                       0x08005a8b   Section        0  display.o(.rodata.str1.1)
    .L.str.2                                 0x08005a91   Data           8  display.o(.rodata.str1.1)
    .L.str                                   0x08005a99   Data           5  display.o(.rodata.str1.1)
    .L.str.5                                 0x08005a9e   Data           6  display.o(.rodata.str1.1)
    .L.str.3                                 0x08005aa4   Data           8  display.o(.rodata.str1.1)
    .L.str.1                                 0x08005aac   Data           5  display.o(.rodata.str1.1)
    .L.str                                   0x08005ab1   Data           7  retarget_io.o(.rodata.str1.1)
    [Anonymous Symbol]                       0x08005ab1   Section        0  retarget_io.o(.rodata.str1.1)
    .L.str.2                                 0x08005ab8   Data           8  retarget_io.o(.rodata.str1.1)
    .L.str.1                                 0x08005ac0   Data           8  retarget_io.o(.rodata.str1.1)
    locale$$data                             0x08005ae8   Section       28  lc_numeric_c.o(locale$$data)
    __lcnum_c_name                           0x08005aec   Data           2  lc_numeric_c.o(locale$$data)
    __lcnum_c_start                          0x08005af4   Data           0  lc_numeric_c.o(locale$$data)
    __lcnum_c_point                          0x08005b00   Data           0  lc_numeric_c.o(locale$$data)
    __lcnum_c_thousands                      0x08005b02   Data           0  lc_numeric_c.o(locale$$data)
    __lcnum_c_grouping                       0x08005b03   Data           0  lc_numeric_c.o(locale$$data)
    __lcnum_c_end                            0x08005b04   Data           0  lc_numeric_c.o(locale$$data)
    locale$$data                             0x08005b04   Section      272  lc_ctype_c.o(locale$$data)
    __lcctype_c_name                         0x08005b08   Data           2  lc_ctype_c.o(locale$$data)
    __lcctype_c_start                        0x08005b10   Data           0  lc_ctype_c.o(locale$$data)
    __lcctype_c_end                          0x08005c14   Data           0  lc_ctype_c.o(locale$$data)
    .data                                    0x20000000   Section        4  stdio_streams.o(.data)
    .data                                    0x20000004   Section        4  stdio_streams.o(.data)
    .data                                    0x20000008   Section        4  stdio_streams.o(.data)
    .bss                                     0x20000018   Section       84  stdio_streams.o(.bss)
    .bss                                     0x2000006c   Section       84  stdio_streams.o(.bss)
    .bss                                     0x200000c0   Section       84  stdio_streams.o(.bss)
    .bss                                     0x20000114   Section       96  libspace.o(.bss)
    DISP_Update.DISP_counter                 0x20000178   Data           4  display.o(.bss.DISP_Update.DISP_counter)
    [Anonymous Symbol]                       0x20000178   Section        0  display.o(.bss.DISP_Update.DISP_counter)
    Motor_Update.toggler                     0x2000017c   Data           1  motor.o(.bss.Motor_Update.toggler)
    [Anonymous Symbol]                       0x2000017c   Section        0  motor.o(.bss.Motor_Update.toggler)
    SW_Update.SW_counter                     0x20000180   Data           4  sw.o(.bss.SW_Update.SW_counter)
    [Anonymous Symbol]                       0x20000180   Section        0  sw.o(.bss.SW_Update.SW_counter)
    SWs_Info                                 0x20000184   Data          24  sw.o(.bss.SWs_Info)
    [Anonymous Symbol]                       0x20000184   Section        0  sw.o(.bss.SWs_Info)
    SysTick_Handler.Current_Degree           0x200001a4   Data           4  timer.o(.bss.SysTick_Handler.Current_Degree)
    [Anonymous Symbol]                       0x200001a4   Section        0  timer.o(.bss.SysTick_Handler.Current_Degree)
    SysTick_Handler.Debouncer_Counter        0x200001a8   Data           2  timer.o(.bss.SysTick_Handler.Debouncer_Counter)
    [Anonymous Symbol]                       0x200001a8   Section        0  timer.o(.bss.SysTick_Handler.Debouncer_Counter)
    VC_Update.old_pressed_time               0x200001c4   Data           4  vc.o(.bss.VC_Update.old_pressed_time)
    [Anonymous Symbol]                       0x200001c4   Section        0  vc.o(.bss.VC_Update.old_pressed_time)
    VC_Update.vc_counter                     0x200001c8   Data           4  vc.o(.bss.VC_Update.vc_counter)
    [Anonymous Symbol]                       0x200001c8   Section        0  vc.o(.bss.VC_Update.vc_counter)
    motor_speed                              0x200001cf   Data           1  vc.o(.bss.motor_speed)
    [Anonymous Symbol]                       0x200001cf   Section        0  vc.o(.bss.motor_speed)
    Heap_Mem                                 0x200001d8   Data         512  startup_stm32f411xe.o(HEAP)
    HEAP                                     0x200001d8   Section      512  startup_stm32f411xe.o(HEAP)
    Stack_Mem                                0x200003d8   Data        1024  startup_stm32f411xe.o(STACK)
    STACK                                    0x200003d8   Section     1024  startup_stm32f411xe.o(STACK)
    __initial_sp                             0x200007d8   Data           0  startup_stm32f411xe.o(STACK)

    Global Symbols

    Symbol Name                              Value     Ov Type        Size  Object(Section)

    BuildAttributes$$THM_ISAv4$E$P$D$K$B$S$7EM$VFPi3$EXTD16$VFPS$VFMA$PE$A:L22UL41UL21$X:L11$S22US41US21$IEEE1$IW$~IW$USESV6$~STKCKD$USESV7$~SHL$OTIME$ROPI$IEEEJ$EBA8$UX$STANDARDLIB$REQ8$PRES8$EABIv2 0x00000000   Number         0  anon$$obj.o ABSOLUTE
    _printf_flags                            0x00000000   Number         0  printf_stubs.o ABSOLUTE
    _printf_return_value                     0x00000000   Number         0  printf_stubs.o ABSOLUTE
    _printf_sizespec                         0x00000000   Number         0  printf_stubs.o ABSOLUTE
    _printf_widthprec                        0x00000000   Number         0  printf_stubs.o ABSOLUTE
    __ARM_exceptions_init                     - Undefined Weak Reference
    __alloca_initialize                       - Undefined Weak Reference
    __arm_preinit_                            - Undefined Weak Reference
    __cpp_initialize__aeabi_                  - Undefined Weak Reference
    __cxa_finalize                            - Undefined Weak Reference
    __sigvec_lookup                           - Undefined Weak Reference
    __user_heap_extent                        - Undefined Weak Reference
    _atexit_init                              - Undefined Weak Reference
    _call_atexit_fns                          - Undefined Weak Reference
    _clock_init                               - Undefined Weak Reference
    _fp_trap_init                             - Undefined Weak Reference
    _fp_trap_shutdown                         - Undefined Weak Reference
    _get_lc_collate                           - Undefined Weak Reference
    _get_lc_monetary                          - Undefined Weak Reference
    _get_lc_time                              - Undefined Weak Reference
    _getenv_init                              - Undefined Weak Reference
    _handle_redirection                       - Undefined Weak Reference
    _mutex_acquire                            - Undefined Weak Reference
    _mutex_free                               - Undefined Weak Reference
    _mutex_release                            - Undefined Weak Reference
    _printf_mbtowc                            - Undefined Weak Reference
    _printf_wc                                - Undefined Weak Reference
    _rand_init                                - Undefined Weak Reference
    _signal_finish                            - Undefined Weak Reference
    _signal_init                              - Undefined Weak Reference
    __Vectors_Size                           0x00000198   Number         0  startup_stm32f411xe.o ABSOLUTE
    __Vectors                                0x08000000   Data           4  startup_stm32f411xe.o(RESET)
    __Vectors_End                            0x08000198   Data           0  startup_stm32f411xe.o(RESET)
    __main                                   0x08000199   Thumb Code     8  __main.o(!!!main)
    __scatterload                            0x080001a1   Thumb Code     0  __scatter.o(!!!scatter)
    __scatterload_rt2                        0x080001a1   Thumb Code    44  __scatter.o(!!!scatter)
    __scatterload_rt2_thumb_only             0x080001a1   Thumb Code     0  __scatter.o(!!!scatter)
    __scatterload_null                       0x080001af   Thumb Code     0  __scatter.o(!!!scatter)
    __scatterload_copy                       0x080001d5   Thumb Code    26  __scatter_copy.o(!!handler_copy)
    __scatterload_zeroinit                   0x080001f1   Thumb Code    28  __scatter_zi.o(!!handler_zi)
    _printf_n                                0x0800020d   Thumb Code     0  _printf_n.o(.ARM.Collect$$_printf_percent$$00000001)
    _printf_percent                          0x0800020d   Thumb Code     0  _printf_percent.o(.ARM.Collect$$_printf_percent$$00000000)
    _printf_p                                0x08000213   Thumb Code     0  _printf_p.o(.ARM.Collect$$_printf_percent$$00000002)
    _printf_f                                0x08000219   Thumb Code     0  _printf_f.o(.ARM.Collect$$_printf_percent$$00000003)
    _printf_e                                0x0800021f   Thumb Code     0  _printf_e.o(.ARM.Collect$$_printf_percent$$00000004)
    _printf_g                                0x08000225   Thumb Code     0  _printf_g.o(.ARM.Collect$$_printf_percent$$00000005)
    _printf_a                                0x0800022b   Thumb Code     0  _printf_a.o(.ARM.Collect$$_printf_percent$$00000006)
    _printf_ll                               0x08000231   Thumb Code     0  _printf_ll.o(.ARM.Collect$$_printf_percent$$00000007)
    _printf_i                                0x0800023b   Thumb Code     0  _printf_i.o(.ARM.Collect$$_printf_percent$$00000008)
    _printf_d                                0x08000241   Thumb Code     0  _printf_d.o(.ARM.Collect$$_printf_percent$$00000009)
    _printf_u                                0x08000247   Thumb Code     0  _printf_u.o(.ARM.Collect$$_printf_percent$$0000000A)
    _printf_o                                0x0800024d   Thumb Code     0  _printf_o.o(.ARM.Collect$$_printf_percent$$0000000B)
    _printf_x                                0x08000253   Thumb Code     0  _printf_x.o(.ARM.Collect$$_printf_percent$$0000000C)
    _printf_lli                              0x08000259   Thumb Code     0  _printf_lli.o(.ARM.Collect$$_printf_percent$$0000000D)
    _printf_lld                              0x0800025f   Thumb Code     0  _printf_lld.o(.ARM.Collect$$_printf_percent$$0000000E)
    _printf_llu                              0x08000265   Thumb Code     0  _printf_llu.o(.ARM.Collect$$_printf_percent$$0000000F)
    _printf_llo                              0x0800026b   Thumb Code     0  _printf_llo.o(.ARM.Collect$$_printf_percent$$00000010)
    _printf_llx                              0x08000271   Thumb Code     0  _printf_llx.o(.ARM.Collect$$_printf_percent$$00000011)
    _printf_l                                0x08000277   Thumb Code     0  _printf_l.o(.ARM.Collect$$_printf_percent$$00000012)
    _printf_c                                0x08000281   Thumb Code     0  _printf_c.o(.ARM.Collect$$_printf_percent$$00000013)
    _printf_s                                0x08000287   Thumb Code     0  _printf_s.o(.ARM.Collect$$_printf_percent$$00000014)
    _printf_lc                               0x0800028d   Thumb Code     0  _printf_lc.o(.ARM.Collect$$_printf_percent$$00000015)
    _printf_ls                               0x08000293   Thumb Code     0  _printf_ls.o(.ARM.Collect$$_printf_percent$$00000016)
    _printf_percent_end                      0x08000299   Thumb Code     0  _printf_percent_end.o(.ARM.Collect$$_printf_percent$$00000017)
    __rt_lib_init                            0x0800029d   Thumb Code     0  libinit.o(.ARM.Collect$$libinit$$00000000)
    __rt_lib_init_fp_1                       0x0800029f   Thumb Code     0  libinit2.o(.ARM.Collect$$libinit$$00000001)
    __rt_lib_init_heap_2                     0x080002a3   Thumb Code     0  libinit2.o(.ARM.Collect$$libinit$$00000005)
    __rt_lib_init_preinit_1                  0x080002a3   Thumb Code     0  libinit2.o(.ARM.Collect$$libinit$$00000004)
    __rt_lib_init_heap_1                     0x080002ab   Thumb Code     0  libinit2.o(.ARM.Collect$$libinit$$0000000A)
    __rt_lib_init_lc_common                  0x080002ab   Thumb Code     0  libinit2.o(.ARM.Collect$$libinit$$0000000F)
    __rt_lib_init_rand_1                     0x080002ab   Thumb Code     0  libinit2.o(.ARM.Collect$$libinit$$0000000E)
    __rt_lib_init_user_alloc_1               0x080002ab   Thumb Code     0  libinit2.o(.ARM.Collect$$libinit$$0000000C)
    __rt_lib_init_lc_collate_1               0x080002b1   Thumb Code     0  libinit2.o(.ARM.Collect$$libinit$$00000011)
    __rt_lib_init_lc_ctype_2                 0x080002b1   Thumb Code     0  libinit2.o(.ARM.Collect$$libinit$$00000012)
    __rt_lib_init_lc_ctype_1                 0x080002bd   Thumb Code     0  libinit2.o(.ARM.Collect$$libinit$$00000013)
    __rt_lib_init_lc_monetary_1              0x080002bd   Thumb Code     0  libinit2.o(.ARM.Collect$$libinit$$00000015)
    __rt_lib_init_lc_numeric_2               0x080002bd   Thumb Code     0  libinit2.o(.ARM.Collect$$libinit$$00000016)
    __rt_lib_init_atexit_1                   0x080002c7   Thumb Code     0  libinit2.o(.ARM.Collect$$libinit$$0000001B)
    __rt_lib_init_clock_1                    0x080002c7   Thumb Code     0  libinit2.o(.ARM.Collect$$libinit$$00000021)
    __rt_lib_init_fp_trap_1                  0x080002c7   Thumb Code     0  libinit2.o(.ARM.Collect$$libinit$$0000001F)
    __rt_lib_init_getenv_1                   0x080002c7   Thumb Code     0  libinit2.o(.ARM.Collect$$libinit$$00000023)
    __rt_lib_init_lc_numeric_1               0x080002c7   Thumb Code     0  libinit2.o(.ARM.Collect$$libinit$$00000017)
    __rt_lib_init_lc_time_1                  0x080002c7   Thumb Code     0  libinit2.o(.ARM.Collect$$libinit$$00000019)
    __rt_lib_init_signal_1                   0x080002c7   Thumb Code     0  libinit2.o(.ARM.Collect$$libinit$$0000001D)
    __rt_lib_init_stdio_2                    0x080002c7   Thumb Code     0  libinit2.o(.ARM.Collect$$libinit$$00000024)
    __rt_lib_init_alloca_1                   0x080002cb   Thumb Code     0  libinit2.o(.ARM.Collect$$libinit$$0000002E)
    __rt_lib_init_argv_1                     0x080002cb   Thumb Code     0  libinit2.o(.ARM.Collect$$libinit$$0000002C)
    __rt_lib_init_cpp_1                      0x080002cb   Thumb Code     0  libinit2.o(.ARM.Collect$$libinit$$00000032)
    __rt_lib_init_exceptions_1               0x080002cb   Thumb Code     0  libinit2.o(.ARM.Collect$$libinit$$00000030)
    __rt_lib_init_return                     0x080002cb   Thumb Code     0  libinit2.o(.ARM.Collect$$libinit$$00000033)
    __rt_lib_init_stdio_1                    0x080002cb   Thumb Code     0  libinit2.o(.ARM.Collect$$libinit$$00000025)
    __rt_lib_shutdown                        0x080002cd   Thumb Code     0  libshutdown.o(.ARM.Collect$$libshutdown$$00000000)
    __rt_lib_shutdown_cpp_1                  0x080002cf   Thumb Code     0  libshutdown2.o(.ARM.Collect$$libshutdown$$00000002)
    __rt_lib_shutdown_stdio_2                0x080002cf   Thumb Code     0  libshutdown2.o(.ARM.Collect$$libshutdown$$00000003)
    __rt_lib_shutdown_fp_trap_1              0x080002d3   Thumb Code     0  libshutdown2.o(.ARM.Collect$$libshutdown$$00000007)
    __rt_lib_shutdown_heap_1                 0x080002d3   Thumb Code     0  libshutdown2.o(.ARM.Collect$$libshutdown$$0000000F)
    __rt_lib_shutdown_return                 0x080002d3   Thumb Code     0  libshutdown2.o(.ARM.Collect$$libshutdown$$00000010)
    __rt_lib_shutdown_signal_1               0x080002d3   Thumb Code     0  libshutdown2.o(.ARM.Collect$$libshutdown$$0000000A)
    __rt_lib_shutdown_stdio_1                0x080002d3   Thumb Code     0  libshutdown2.o(.ARM.Collect$$libshutdown$$00000004)
    __rt_lib_shutdown_user_alloc_1           0x080002d3   Thumb Code     0  libshutdown2.o(.ARM.Collect$$libshutdown$$0000000C)
    __rt_entry                               0x080002d5   Thumb Code     0  __rtentry.o(.ARM.Collect$$rtentry$$00000000)
    __rt_entry_presh_1                       0x080002d5   Thumb Code     0  __rtentry2.o(.ARM.Collect$$rtentry$$00000002)
    __rt_entry_sh                            0x080002d5   Thumb Code     0  __rtentry4.o(.ARM.Collect$$rtentry$$00000004)
    __rt_entry_li                            0x080002db   Thumb Code     0  __rtentry2.o(.ARM.Collect$$rtentry$$0000000A)
    __rt_entry_postsh_1                      0x080002db   Thumb Code     0  __rtentry2.o(.ARM.Collect$$rtentry$$00000009)
    __rt_entry_main                          0x080002df   Thumb Code     0  __rtentry2.o(.ARM.Collect$$rtentry$$0000000D)
    __rt_entry_postli_1                      0x080002df   Thumb Code     0  __rtentry2.o(.ARM.Collect$$rtentry$$0000000C)
    __rt_exit                                0x080002e7   Thumb Code     0  rtexit.o(.ARM.Collect$$rtexit$$00000000)
    __rt_exit_ls                             0x080002e9   Thumb Code     0  rtexit2.o(.ARM.Collect$$rtexit$$00000003)
    __rt_exit_prels_1                        0x080002e9   Thumb Code     0  rtexit2.o(.ARM.Collect$$rtexit$$00000002)
    __rt_exit_exit                           0x080002ed   Thumb Code     0  rtexit2.o(.ARM.Collect$$rtexit$$00000004)
    Reset_Handler                            0x080002f5   Thumb Code     8  startup_stm32f411xe.o(.text)
    NMI_Handler                              0x080002fd   Thumb Code     2  startup_stm32f411xe.o(.text)
    HardFault_Handler                        0x080002ff   Thumb Code     2  startup_stm32f411xe.o(.text)
    MemManage_Handler                        0x08000301   Thumb Code     2  startup_stm32f411xe.o(.text)
    BusFault_Handler                         0x08000303   Thumb Code     2  startup_stm32f411xe.o(.text)
    UsageFault_Handler                       0x08000305   Thumb Code     2  startup_stm32f411xe.o(.text)
    SVC_Handler                              0x08000307   Thumb Code     2  startup_stm32f411xe.o(.text)
    DebugMon_Handler                         0x08000309   Thumb Code     2  startup_stm32f411xe.o(.text)
    PendSV_Handler                           0x0800030b   Thumb Code     2  startup_stm32f411xe.o(.text)
    ADC_IRQHandler                           0x0800030f   Thumb Code     0  startup_stm32f411xe.o(.text)
    DMA1_Stream0_IRQHandler                  0x0800030f   Thumb Code     0  startup_stm32f411xe.o(.text)
    DMA1_Stream1_IRQHandler                  0x0800030f   Thumb Code     0  startup_stm32f411xe.o(.text)
    DMA1_Stream2_IRQHandler                  0x0800030f   Thumb Code     0  startup_stm32f411xe.o(.text)
    DMA1_Stream3_IRQHandler                  0x0800030f   Thumb Code     0  startup_stm32f411xe.o(.text)
    DMA1_Stream4_IRQHandler                  0x0800030f   Thumb Code     0  startup_stm32f411xe.o(.text)
    DMA1_Stream5_IRQHandler                  0x0800030f   Thumb Code     0  startup_stm32f411xe.o(.text)
    DMA1_Stream6_IRQHandler                  0x0800030f   Thumb Code     0  startup_stm32f411xe.o(.text)
    DMA1_Stream7_IRQHandler                  0x0800030f   Thumb Code     0  startup_stm32f411xe.o(.text)
    DMA2_Stream0_IRQHandler                  0x0800030f   Thumb Code     0  startup_stm32f411xe.o(.text)
    DMA2_Stream1_IRQHandler                  0x0800030f   Thumb Code     0  startup_stm32f411xe.o(.text)
    DMA2_Stream2_IRQHandler                  0x0800030f   Thumb Code     0  startup_stm32f411xe.o(.text)
    DMA2_Stream3_IRQHandler                  0x0800030f   Thumb Code     0  startup_stm32f411xe.o(.text)
    DMA2_Stream4_IRQHandler                  0x0800030f   Thumb Code     0  startup_stm32f411xe.o(.text)
    DMA2_Stream5_IRQHandler                  0x0800030f   Thumb Code     0  startup_stm32f411xe.o(.text)
    DMA2_Stream6_IRQHandler                  0x0800030f   Thumb Code     0  startup_stm32f411xe.o(.text)
    DMA2_Stream7_IRQHandler                  0x0800030f   Thumb Code     0  startup_stm32f411xe.o(.text)
    EXTI0_IRQHandler                         0x0800030f   Thumb Code     0  startup_stm32f411xe.o(.text)
    EXTI15_10_IRQHandler                     0x0800030f   Thumb Code     0  startup_stm32f411xe.o(.text)
    EXTI1_IRQHandler                         0x0800030f   Thumb Code     0  startup_stm32f411xe.o(.text)
    EXTI2_IRQHandler                         0x0800030f   Thumb Code     0  startup_stm32f411xe.o(.text)
    EXTI3_IRQHandler                         0x0800030f   Thumb Code     0  startup_stm32f411xe.o(.text)
    EXTI4_IRQHandler                         0x0800030f   Thumb Code     0  startup_stm32f411xe.o(.text)
    EXTI9_5_IRQHandler                       0x0800030f   Thumb Code     0  startup_stm32f411xe.o(.text)
    FLASH_IRQHandler                         0x0800030f   Thumb Code     0  startup_stm32f411xe.o(.text)
    FPU_IRQHandler                           0x0800030f   Thumb Code     0  startup_stm32f411xe.o(.text)
    I2C1_ER_IRQHandler                       0x0800030f   Thumb Code     0  startup_stm32f411xe.o(.text)
    I2C1_EV_IRQHandler                       0x0800030f   Thumb Code     0  startup_stm32f411xe.o(.text)
    I2C2_ER_IRQHandler                       0x0800030f   Thumb Code     0  startup_stm32f411xe.o(.text)
    I2C2_EV_IRQHandler                       0x0800030f   Thumb Code     0  startup_stm32f411xe.o(.text)
    I2C3_ER_IRQHandler                       0x0800030f   Thumb Code     0  startup_stm32f411xe.o(.text)
    I2C3_EV_IRQHandler                       0x0800030f   Thumb Code     0  startup_stm32f411xe.o(.text)
    OTG_FS_IRQHandler                        0x0800030f   Thumb Code     0  startup_stm32f411xe.o(.text)
    OTG_FS_WKUP_IRQHandler                   0x0800030f   Thumb Code     0  startup_stm32f411xe.o(.text)
    PVD_IRQHandler                           0x0800030f   Thumb Code     0  startup_stm32f411xe.o(.text)
    RCC_IRQHandler                           0x0800030f   Thumb Code     0  startup_stm32f411xe.o(.text)
    RTC_Alarm_IRQHandler                     0x0800030f   Thumb Code     0  startup_stm32f411xe.o(.text)
    RTC_WKUP_IRQHandler                      0x0800030f   Thumb Code     0  startup_stm32f411xe.o(.text)
    SDIO_IRQHandler                          0x0800030f   Thumb Code     0  startup_stm32f411xe.o(.text)
    SPI1_IRQHandler                          0x0800030f   Thumb Code     0  startup_stm32f411xe.o(.text)
    SPI2_IRQHandler                          0x0800030f   Thumb Code     0  startup_stm32f411xe.o(.text)
    SPI3_IRQHandler                          0x0800030f   Thumb Code     0  startup_stm32f411xe.o(.text)
    SPI4_IRQHandler                          0x0800030f   Thumb Code     0  startup_stm32f411xe.o(.text)
    SPI5_IRQHandler                          0x0800030f   Thumb Code     0  startup_stm32f411xe.o(.text)
    TAMP_STAMP_IRQHandler                    0x0800030f   Thumb Code     0  startup_stm32f411xe.o(.text)
    TIM1_BRK_TIM9_IRQHandler                 0x0800030f   Thumb Code     0  startup_stm32f411xe.o(.text)
    TIM1_CC_IRQHandler                       0x0800030f   Thumb Code     0  startup_stm32f411xe.o(.text)
    TIM1_TRG_COM_TIM11_IRQHandler            0x0800030f   Thumb Code     0  startup_stm32f411xe.o(.text)
    TIM1_UP_TIM10_IRQHandler                 0x0800030f   Thumb Code     0  startup_stm32f411xe.o(.text)
    TIM2_IRQHandler                          0x0800030f   Thumb Code     0  startup_stm32f411xe.o(.text)
    TIM3_IRQHandler                          0x0800030f   Thumb Code     0  startup_stm32f411xe.o(.text)
    TIM4_IRQHandler                          0x0800030f   Thumb Code     0  startup_stm32f411xe.o(.text)
    TIM5_IRQHandler                          0x0800030f   Thumb Code     0  startup_stm32f411xe.o(.text)
    USART1_IRQHandler                        0x0800030f   Thumb Code     0  startup_stm32f411xe.o(.text)
    USART2_IRQHandler                        0x0800030f   Thumb Code     0  startup_stm32f411xe.o(.text)
    USART6_IRQHandler                        0x0800030f   Thumb Code     0  startup_stm32f411xe.o(.text)
    WWDG_IRQHandler                          0x0800030f   Thumb Code     0  startup_stm32f411xe.o(.text)
    __user_initial_stackheap                 0x08000311   Thumb Code     0  startup_stm32f411xe.o(.text)
    SystemInit                               0x08000335   Thumb Code    32  system_stm32f4xx.o(.text)
    SystemCoreClockUpdate                    0x08000355   Thumb Code   302  system_stm32f4xx.o(.text)
    LL_TIM_DeInit                            0x08000485   Thumb Code   296  stm32f4xx_ll_tim.o(.text)
    LL_TIM_StructInit                        0x0800060d   Thumb Code    34  stm32f4xx_ll_tim.o(.text)
    LL_TIM_Init                              0x08000631   Thumb Code   302  stm32f4xx_ll_tim.o(.text)
    LL_TIM_OC_StructInit                     0x080007a5   Thumb Code    42  stm32f4xx_ll_tim.o(.text)
    LL_TIM_OC_Init                           0x080007d1   Thumb Code   120  stm32f4xx_ll_tim.o(.text)
    LL_TIM_IC_StructInit                     0x08000b4d   Thumb Code    30  stm32f4xx_ll_tim.o(.text)
    LL_TIM_IC_Init                           0x08000b6d   Thumb Code   120  stm32f4xx_ll_tim.o(.text)
    LL_TIM_ENCODER_StructInit                0x08000d11   Thumb Code    52  stm32f4xx_ll_tim.o(.text)
    LL_TIM_ENCODER_Init                      0x08000d45   Thumb Code   178  stm32f4xx_ll_tim.o(.text)
    LL_TIM_HALLSENSOR_StructInit             0x08000e15   Thumb Code    26  stm32f4xx_ll_tim.o(.text)
    LL_TIM_HALLSENSOR_Init                   0x08000e31   Thumb Code   200  stm32f4xx_ll_tim.o(.text)
    LL_TIM_BDTR_StructInit                   0x08000f09   Thumb Code    38  stm32f4xx_ll_tim.o(.text)
    LL_TIM_BDTR_Init                         0x08000f31   Thumb Code   126  stm32f4xx_ll_tim.o(.text)
    LL_GPIO_DeInit                           0x08000fe1   Thumb Code   228  stm32f4xx_ll_gpio.o(.text)
    LL_GPIO_Init                             0x080010f5   Thumb Code   264  stm32f4xx_ll_gpio.o(.text)
    LL_GPIO_StructInit                       0x0800148d   Thumb Code    40  stm32f4xx_ll_gpio.o(.text)
    LL_USART_DeInit                          0x080014b5   Thumb Code   130  stm32f4xx_ll_usart.o(.text)
    LL_USART_Init                            0x08001599   Thumb Code   210  stm32f4xx_ll_usart.o(.text)
    LL_USART_StructInit                      0x08001765   Thumb Code    44  stm32f4xx_ll_usart.o(.text)
    LL_USART_ClockInit                       0x08001791   Thumb Code    90  stm32f4xx_ll_usart.o(.text)
    LL_USART_ClockStructInit                 0x08001801   Thumb Code    26  stm32f4xx_ll_usart.o(.text)
    LL_RCC_DeInit                            0x0800181d   Thumb Code   196  stm32f4xx_ll_rcc.o(.text)
    LL_RCC_GetSystemClocksFreq               0x08001935   Thumb Code    54  stm32f4xx_ll_rcc.o(.text)
    RCC_GetSystemClockFreq                   0x0800196d   Thumb Code    88  stm32f4xx_ll_rcc.o(.text)
    RCC_GetHCLKClockFreq                     0x080019c5   Thumb Code    38  stm32f4xx_ll_rcc.o(.text)
    RCC_GetPCLK1ClockFreq                    0x080019ed   Thumb Code    36  stm32f4xx_ll_rcc.o(.text)
    RCC_GetPCLK2ClockFreq                    0x08001a11   Thumb Code    36  stm32f4xx_ll_rcc.o(.text)
    LL_RCC_GetI2SClockFreq                   0x08001a35   Thumb Code    84  stm32f4xx_ll_rcc.o(.text)
    RCC_PLLI2S_GetFreqDomain_I2S             0x08001ab1   Thumb Code   114  stm32f4xx_ll_rcc.o(.text)
    LL_RCC_GetSDIOClockFreq                  0x08001b25   Thumb Code    44  stm32f4xx_ll_rcc.o(.text)
    RCC_PLL_GetFreqDomain_48M                0x08001b51   Thumb Code   118  stm32f4xx_ll_rcc.o(.text)
    LL_RCC_GetUSBClockFreq                   0x08001bc9   Thumb Code    32  stm32f4xx_ll_rcc.o(.text)
    RCC_PLL_GetFreqDomain_SYS                0x08001bf9   Thumb Code   142  stm32f4xx_ll_rcc.o(.text)
    main                                     0x08001d49   Thumb Code    90  main.o(.text)
    DISP_Init                                0x08001da9   Thumb Code    16  display.o(.text)
    DISP_Update                              0x08001db9   Thumb Code   320  display.o(.text)
    LED_Init                                 0x08001ef9   Thumb Code   126  led.o(.text)
    LED_SetState                             0x08001f9d   Thumb Code    78  led.o(.text)
    LED_GetState                             0x08001fed   Thumb Code    68  led.o(.text)
    SW_Init                                  0x0800203d   Thumb Code   218  sw.o(.text)
    SW_GetState                              0x08002119   Thumb Code   250  sw.o(.text)
    SW_Update                                0x08002215   Thumb Code   672  sw.o(.text)
    SW_GetPressedTime                        0x080024b5   Thumb Code    28  sw.o(.text)
    TMR_Init                                 0x080024d1   Thumb Code    16  timer.o(.text)
    TMR_Stop                                 0x08002535   Thumb Code    18  timer.o(.text)
    TMRA_Init                                0x08002549   Thumb Code    98  timer.o(.text)
    TMR_Start                                0x08002621   Thumb Code    18  timer.o(.text)
    SysTick_Handler                          0x08002635   Thumb Code   202  timer.o(.text)
    UART_Init                                0x08002745   Thumb Code   162  uart.o(.text)
    UART_Send                                0x080027fd   Thumb Code    28  uart.o(.text)
    UART_Send_String                         0x0800282d   Thumb Code    44  uart.o(.text)
    UART_Send_String_Flipped                 0x08002859   Thumb Code    68  uart.o(.text)
    UART_Check_RX                            0x0800289d   Thumb Code    44  uart.o(.text)
    UART_Receive                             0x080028d9   Thumb Code    18  uart.o(.text)
    Motor_Init                               0x080028fd   Thumb Code   106  motor.o(.text)
    Motor_Fire                               0x0800297d   Thumb Code    30  motor.o(.text)
    Motor_idle                               0x080029ad   Thumb Code    30  motor.o(.text)
    Motor_SetAngle                           0x080029cd   Thumb Code    20  motor.o(.text)
    Motor_Update                             0x080029e1   Thumb Code   224  motor.o(.text)
    Check_State                              0x08002ac1   Thumb Code    52  motor.o(.text)
    VC_Init                                  0x08002af5   Thumb Code    14  vc.o(.text)
    VC_Update                                0x08002b05   Thumb Code   640  vc.o(.text)
    VC_GetSpeed                              0x08002d85   Thumb Code    12  vc.o(.text)
    ITM_SendChar                             0x08002d91   Thumb Code    66  retarget_io.o(.text)
    ITM_ReceiveChar                          0x08002dd5   Thumb Code    62  retarget_io.o(.text)
    _sys_open                                0x08002e15   Thumb Code   134  retarget_io.o(.text)
    _sys_close                               0x08002e9d   Thumb Code    74  retarget_io.o(.text)
    _sys_write                               0x08002ee9   Thumb Code   152  retarget_io.o(.text)
    _sys_read                                0x08002f9d   Thumb Code   128  retarget_io.o(.text)
    _sys_istty                               0x0800302d   Thumb Code    72  retarget_io.o(.text)
    _sys_seek                                0x08003075   Thumb Code    82  retarget_io.o(.text)
    _sys_flen                                0x080030c9   Thumb Code    72  retarget_io.o(.text)
    __aeabi_uldivmod                         0x08003111   Thumb Code     0  lludivv7m.o(.text)
    _ll_udiv                                 0x08003111   Thumb Code   240  lludivv7m.o(.text)
    printf                                   0x08003201   Thumb Code    20  printf.o(.text)
    strcmp                                   0x08003219   Thumb Code   124  strcmpv7em.o(.text)
    __use_two_region_memory                  0x08003295   Thumb Code     2  heapauxi.o(.text)
    __rt_heap_escrow                         0x08003297   Thumb Code     2  heapauxi.o(.text)
    __rt_heap_expand                         0x08003299   Thumb Code     2  heapauxi.o(.text)
    _printf_pre_padding                      0x0800329b   Thumb Code    44  _printf_pad.o(.text)
    _printf_post_padding                     0x080032c7   Thumb Code    34  _printf_pad.o(.text)
    _printf_truncate_signed                  0x080032e9   Thumb Code    18  _printf_truncate.o(.text)
    _printf_truncate_unsigned                0x080032fb   Thumb Code    18  _printf_truncate.o(.text)
    _printf_str                              0x0800330d   Thumb Code    82  _printf_str.o(.text)
    _printf_int_dec                          0x08003361   Thumb Code   104  _printf_dec.o(.text)
    _printf_charcount                        0x080033d9   Thumb Code    40  _printf_charcount.o(.text)
    _printf_char_file                        0x08003401   Thumb Code    32  _printf_char_file.o(.text)
    _printf_wctomb                           0x08003425   Thumb Code   182  _printf_wctomb.o(.text)
    _printf_longlong_dec                     0x080034e1   Thumb Code   108  _printf_longlong_dec.o(.text)
    _printf_longlong_oct                     0x0800355d   Thumb Code    68  _printf_oct_int_ll.o(.text)
    _printf_int_oct                          0x080035a1   Thumb Code    24  _printf_oct_int_ll.o(.text)
    _printf_ll_oct                           0x080035b9   Thumb Code    12  _printf_oct_int_ll.o(.text)
    _printf_longlong_hex                     0x080035cd   Thumb Code    86  _printf_hex_int_ll_ptr.o(.text)
    _printf_int_hex                          0x08003623   Thumb Code    28  _printf_hex_int_ll_ptr.o(.text)
    _printf_ll_hex                           0x0800363f   Thumb Code    12  _printf_hex_int_ll_ptr.o(.text)
    _printf_hex_ptr                          0x0800364b   Thumb Code    18  _printf_hex_int_ll_ptr.o(.text)
    __printf                                 0x08003661   Thumb Code   388  __printf_flags_ss_wp.o(.text)
    _ll_udiv10                               0x080037e9   Thumb Code   138  lludiv10.o(.text)
    _printf_int_common                       0x08003873   Thumb Code   178  _printf_intcommon.o(.text)
    _printf_fp_dec_real                      0x08003ad5   Thumb Code   620  _printf_fp_dec.o(.text)
    _printf_fp_hex_real                      0x08003d41   Thumb Code   756  _printf_fp_hex.o(.text)
    _printf_char_common                      0x08004047   Thumb Code    32  _printf_char_common.o(.text)
    _printf_cs_common                        0x0800406d   Thumb Code    20  _printf_char.o(.text)
    _printf_char                             0x08004081   Thumb Code    16  _printf_char.o(.text)
    _printf_string                           0x08004091   Thumb Code     8  _printf_char.o(.text)
    _printf_lcs_common                       0x08004099   Thumb Code    20  _printf_wchar.o(.text)
    _printf_wchar                            0x080040ad   Thumb Code    16  _printf_wchar.o(.text)
    _printf_wstring                          0x080040bd   Thumb Code     8  _printf_wchar.o(.text)
    ferror                                   0x080040c5   Thumb Code     8  ferror.o(.text)
    _initio                                  0x080040cd   Thumb Code   210  initio.o(.text)
    _terminateio                             0x0800419f   Thumb Code    56  initio.o(.text)
    _c16rtomb                                0x08004205   Thumb Code    72  _c16rtomb.o(.text)
    _wcrtomb                                 0x08004205   Thumb Code     0  _c16rtomb.o(.text)
    __user_setup_stackheap                   0x0800424d   Thumb Code    74  sys_stackheap_outer.o(.text)
    __rt_ctype_table                         0x08004299   Thumb Code    16  rt_ctype_table.o(.text)
    __rt_locale                              0x080042a9   Thumb Code     8  rt_locale_intlibspace.o(.text)
    free                                     0x080042b1   Thumb Code    78  h1_free.o(.text)
    _printf_fp_infnan                        0x08004301   Thumb Code   112  _printf_fp_infnan.o(.text)
    _btod_etento                             0x08004381   Thumb Code   224  bigflt0.o(.text)
    __flsbuf                                 0x08004465   Thumb Code   470  flsbuf.o(.text)
    __flsbuf_byte                            0x08004465   Thumb Code     0  flsbuf.o(.text)
    __flsbuf_wide                            0x08004465   Thumb Code     0  flsbuf.o(.text)
    setvbuf                                  0x0800463b   Thumb Code    70  setvbuf.o(.text)
    freopen                                  0x08004681   Thumb Code   160  fopen.o(.text)
    fopen                                    0x08004721   Thumb Code    74  fopen.o(.text)
    _fclose_internal                         0x08004771   Thumb Code    76  fclose.o(.text)
    fclose                                   0x08004771   Thumb Code     0  fclose.o(.text)
    exit                                     0x080047bd   Thumb Code    18  exit.o(.text)
    __rt_SIGRTRED                            0x080047cf   Thumb Code    14  defsig_rtred_outer.o(.text)
    __aeabi_memclr4                          0x080047dd   Thumb Code     0  rt_memclr_w.o(.text)
    __aeabi_memclr8                          0x080047dd   Thumb Code     0  rt_memclr_w.o(.text)
    __rt_memclr_w                            0x080047dd   Thumb Code     0  rt_memclr_w.o(.text)
    _memset_w                                0x080047e1   Thumb Code    74  rt_memclr_w.o(.text)
    __user_libspace                          0x0800482d   Thumb Code     8  libspace.o(.text)
    __user_perproc_libspace                  0x0800482d   Thumb Code     0  libspace.o(.text)
    __user_perthread_libspace                0x0800482d   Thumb Code     0  libspace.o(.text)
    __rt_heap_descriptor                     0x08004835   Thumb Code     8  rt_heap_descriptor_intlibspace.o(.text)
    __use_no_heap                            0x0800483d   Thumb Code     2  hguard.o(.text)
    __heap$guard                             0x0800483f   Thumb Code     2  hguard.o(.text)
    _terminate_user_alloc                    0x08004841   Thumb Code     2  init_alloc.o(.text)
    _init_user_alloc                         0x08004843   Thumb Code     2  init_alloc.o(.text)
    __Heap_Full                              0x08004845   Thumb Code    34  init_alloc.o(.text)
    __Heap_Broken                            0x08004867   Thumb Code     6  init_alloc.o(.text)
    _init_alloc                              0x0800486d   Thumb Code    94  init_alloc.o(.text)
    malloc                                   0x080048cb   Thumb Code    94  h1_alloc.o(.text)
    _fseek                                   0x08004929   Thumb Code   242  fseek.o(.text)
    fseek                                    0x08004929   Thumb Code     0  fseek.o(.text)
    _seterr                                  0x08004a21   Thumb Code    20  stdio.o(.text)
    _writebuf                                0x08004a35   Thumb Code    84  stdio.o(.text)
    _fflush                                  0x08004a89   Thumb Code    70  stdio.o(.text)
    _deferredlazyseek                        0x08004acf   Thumb Code    60  stdio.o(.text)
    __sig_exit                               0x08004b11   Thumb Code    10  defsig_exit.o(.text)
    __rt_SIGRTRED_inner                      0x08004b1d   Thumb Code    14  defsig_rtred_inner.o(.text)
    _sys_exit                                0x08004b51   Thumb Code     8  sys_exit.o(.text)
    __Heap_Initialize                        0x08004b5d   Thumb Code    10  h1_init.o(.text)
    _maybe_terminate_alloc                   0x08004b5d   Thumb Code     0  maybetermalloc1.o(.text)
    __Heap_DescSize                          0x08004b67   Thumb Code     4  h1_init.o(.text)
    __Heap_ProvideMemory                     0x08004b6b   Thumb Code    52  h1_extend.o(.text)
    _ftell_internal                          0x08004b9f   Thumb Code    66  ftell.o(.text)
    ftell                                    0x08004b9f   Thumb Code     0  ftell.o(.text)
    __default_signal_display                 0x08004be1   Thumb Code    50  defsig_general.o(.text)
    __rt_SIGRTMEM                            0x08004c13   Thumb Code    14  defsig_rtmem_outer.o(.text)
    _ttywrch                                 0x08004c21   Thumb Code    14  sys_wrch.o(.text)
    __I$use$semihosting                      0x08004c2f   Thumb Code     0  use_no_semi.o(.text)
    __use_no_semihosting_swi                 0x08004c2f   Thumb Code     2  use_no_semi.o(.text)
    __aeabi_errno_addr                       0x08004c31   Thumb Code     8  rt_errno_addr_intlibspace.o(.text)
    __errno$intlibspace                      0x08004c31   Thumb Code     0  rt_errno_addr_intlibspace.o(.text)
    __rt_errno_addr$intlibspace              0x08004c31   Thumb Code     0  rt_errno_addr_intlibspace.o(.text)
    __semihosting_library_function           0x08004c31   Thumb Code     0  indicate_semi.o(.text)
    __rt_SIGRTMEM_inner                      0x08004c39   Thumb Code    22  defsig_rtmem_inner.o(.text)
    _btod_d2e                                0x08004c89   Thumb Code    62  btod.o(CL$$btod_d2e)
    _d2e_denorm_low                          0x08004cc7   Thumb Code    70  btod.o(CL$$btod_d2e_denorm_low)
    _d2e_norm_op1                            0x08004d0d   Thumb Code    96  btod.o(CL$$btod_d2e_norm_op1)
    __btod_div_common                        0x08004d6d   Thumb Code   696  btod.o(CL$$btod_div_common)
    _e2e                                     0x080050a5   Thumb Code   220  btod.o(CL$$btod_e2e)
    _btod_ediv                               0x08005181   Thumb Code    42  btod.o(CL$$btod_ediv)
    _btod_emul                               0x080051ab   Thumb Code    42  btod.o(CL$$btod_emul)
    __btod_mult_common                       0x080051d5   Thumb Code   580  btod.o(CL$$btod_mult_common)
    __ARM_fpclassify                         0x08005419   Thumb Code    48  fpclassify.o(i.__ARM_fpclassify)
    _is_digit                                0x08005449   Thumb Code    14  __printf_wp.o(i._is_digit)
    fputc                                    0x08005457   Thumb Code    26  fputc.o(i.fputc)
    _get_lc_numeric                          0x08005471   Thumb Code    44  lc_numeric_c.o(locale$$code)
    _get_lc_ctype                            0x0800549d   Thumb Code    44  lc_ctype_c.o(locale$$code)
    __aeabi_dadd                             0x080054c9   Thumb Code     0  daddsub_clz.o(x$fpl$dadd)
    _dadd                                    0x080054c9   Thumb Code   332  daddsub_clz.o(x$fpl$dadd)
    __aeabi_d2uiz                            0x08005619   Thumb Code     0  dfixu.o(x$fpl$dfixu)
    _dfixu                                   0x08005619   Thumb Code    90  dfixu.o(x$fpl$dfixu)
    __aeabi_ui2d                             0x08005673   Thumb Code     0  dflt_clz.o(x$fpl$dfltu)
    _dfltu                                   0x08005673   Thumb Code    38  dflt_clz.o(x$fpl$dfltu)
    __fpl_dnaninf                            0x08005699   Thumb Code   156  dnaninf.o(x$fpl$dnaninf)
    __fpl_dretinf                            0x08005735   Thumb Code    12  dretinf.o(x$fpl$dretinf)
    __aeabi_dsub                             0x08005741   Thumb Code     0  daddsub_clz.o(x$fpl$dsub)
    _dsub                                    0x08005741   Thumb Code   472  daddsub_clz.o(x$fpl$dsub)
    _fp_init                                 0x0800591d   Thumb Code    26  fpinit.o(x$fpl$fpinit)
    __fplib_config_fpu_vfp                   0x08005935   Thumb Code     0  fpinit.o(x$fpl$fpinit)
    __fplib_config_pureend_doubles           0x08005935   Thumb Code     0  fpinit.o(x$fpl$fpinit)
    _printf_fp_dec                           0x08005937   Thumb Code     4  printf1.o(x$fpl$printf1)
    _printf_fp_hex                           0x0800593b   Thumb Code     4  printf2.o(x$fpl$printf2)
    __I$use$fp                               0x0800593e   Number         0  usenofp.o(x$fpl$usenofp)
    AHBPrescTable                            0x08005a3c   Data          16  system_stm32f4xx.o(.rodata.AHBPrescTable)
    APBPrescTable                            0x08005a4c   Data           8  system_stm32f4xx.o(.rodata.APBPrescTable)
    __stderr_name                            0x08005a54   Data           8  retarget_io.o(.rodata.__stderr_name)
    __stdin_name                             0x08005a5c   Data           7  retarget_io.o(.rodata.__stdin_name)
    __stdout_name                            0x08005a63   Data           8  retarget_io.o(.rodata.__stdout_name)
    Region$$Table$$Base                      0x08005ac8   Number         0  anon$$obj.o(Region$$Table)
    Region$$Table$$Limit                     0x08005ae8   Number         0  anon$$obj.o(Region$$Table)
    __ctype                                  0x08005b11   Data           0  lc_ctype_c.o(locale$$data)
    __aeabi_stdin                            0x20000000   Data           4  stdio_streams.o(.data)
    __aeabi_stdout                           0x20000004   Data           4  stdio_streams.o(.data)
    __aeabi_stderr                           0x20000008   Data           4  stdio_streams.o(.data)
    ITM_RxBuffer                             0x2000000c   Data           4  retarget_io.o(.data.ITM_RxBuffer)
    SystemCoreClock                          0x20000010   Data           4  system_stm32f4xx.o(.data.SystemCoreClock)
    __stdin                                  0x20000018   Data          84  stdio_streams.o(.bss)
    __stdout                                 0x2000006c   Data          84  stdio_streams.o(.bss)
    __stderr                                 0x200000c0   Data          84  stdio_streams.o(.bss)
    __libspace_start                         0x20000114   Data          96  libspace.o(.bss)
    Current_Angle                            0x20000174   Data           4  motor.o(.bss.Current_Angle)
    __temporary_stack_top$libspace           0x20000174   Data           0  libspace.o(.bss)
    Motor_state                              0x2000017d   Data           1  motor.o(.bss.Motor_state)
    Period_Flag                              0x2000017e   Data           1  timer.o(.bss.Period_Flag)
    Pressed_Sw_Flag                          0x2000017f   Data           1  sw.o(.bss.Pressed_Sw_Flag)
    Set_Angle                                0x2000019c   Data           4  motor.o(.bss.Set_Angle)
    State                                    0x200001a0   Data           1  motor.o(.bss.State)
    TIMER2                                   0x200001ac   Data          20  timer.o(.bss.TIMER2)
    Target_Angle                             0x200001c0   Data           4  motor.o(.bss.Target_Angle)
    dust                                     0x200001cc   Data           1  vc.o(.bss.dust)
    dust_sw                                  0x200001cd   Data           1  sw.o(.bss.dust_sw)
    minus_sw                                 0x200001ce   Data           1  sw.o(.bss.minus_sw)
    plus_sw                                  0x200001d0   Data           1  sw.o(.bss.plus_sw)
    speed                                    0x200001d4   Data           4  display.o(.bss.speed)



==============================================================================

Memory Map of the image

  Image Entry point : 0x080002f5

  Load Region LR_1 (Base: 0x08000000, Size: 0x00005c28, Max: 0xffffffff, ABSOLUTE)

    Execution Region ER_RO (Exec base: 0x08000000, Load base: 0x08000000, Size: 0x00005c14, Max: 0xffffffff, ABSOLUTE)

    Exec Addr    Load Addr    Size         Type   Attr      Idx    E Section Name        Object

    0x08000000   0x08000000   0x00000198   Data   RO            3    RESET               startup_stm32f411xe.o
    0x08000198   0x08000198   0x00000008   Code   RO          152  * !!!main             c_w.l(__main.o)
    0x080001a0   0x080001a0   0x00000034   Code   RO          691    !!!scatter          c_w.l(__scatter.o)
    0x080001d4   0x080001d4   0x0000001a   Code   RO          693    !!handler_copy      c_w.l(__scatter_copy.o)
    0x080001ee   0x080001ee   0x00000002   PAD
    0x080001f0   0x080001f0   0x0000001c   Code   RO          695    !!handler_zi        c_w.l(__scatter_zi.o)
    0x0800020c   0x0800020c   0x00000000   Code   RO          254    .ARM.Collect$$_printf_percent$$00000000  c_w.l(_printf_percent.o)
    0x0800020c   0x0800020c   0x00000006   Code   RO          243    .ARM.Collect$$_printf_percent$$00000001  c_w.l(_printf_n.o)
    0x08000212   0x08000212   0x00000006   Code   RO          245    .ARM.Collect$$_printf_percent$$00000002  c_w.l(_printf_p.o)
    0x08000218   0x08000218   0x00000006   Code   RO          250    .ARM.Collect$$_printf_percent$$00000003  c_w.l(_printf_f.o)
    0x0800021e   0x0800021e   0x00000006   Code   RO          251    .ARM.Collect$$_printf_percent$$00000004  c_w.l(_printf_e.o)
    0x08000224   0x08000224   0x00000006   Code   RO          252    .ARM.Collect$$_printf_percent$$00000005  c_w.l(_printf_g.o)
    0x0800022a   0x0800022a   0x00000006   Code   RO          253    .ARM.Collect$$_printf_percent$$00000006  c_w.l(_printf_a.o)
    0x08000230   0x08000230   0x0000000a   Code   RO          258    .ARM.Collect$$_printf_percent$$00000007  c_w.l(_printf_ll.o)
    0x0800023a   0x0800023a   0x00000006   Code   RO          247    .ARM.Collect$$_printf_percent$$00000008  c_w.l(_printf_i.o)
    0x08000240   0x08000240   0x00000006   Code   RO          248    .ARM.Collect$$_printf_percent$$00000009  c_w.l(_printf_d.o)
    0x08000246   0x08000246   0x00000006   Code   RO          249    .ARM.Collect$$_printf_percent$$0000000A  c_w.l(_printf_u.o)
    0x0800024c   0x0800024c   0x00000006   Code   RO          246    .ARM.Collect$$_printf_percent$$0000000B  c_w.l(_printf_o.o)
    0x08000252   0x08000252   0x00000006   Code   RO          244    .ARM.Collect$$_printf_percent$$0000000C  c_w.l(_printf_x.o)
    0x08000258   0x08000258   0x00000006   Code   RO          255    .ARM.Collect$$_printf_percent$$0000000D  c_w.l(_printf_lli.o)
    0x0800025e   0x0800025e   0x00000006   Code   RO          256    .ARM.Collect$$_printf_percent$$0000000E  c_w.l(_printf_lld.o)
    0x08000264   0x08000264   0x00000006   Code   RO          257    .ARM.Collect$$_printf_percent$$0000000F  c_w.l(_printf_llu.o)
    0x0800026a   0x0800026a   0x00000006   Code   RO          262    .ARM.Collect$$_printf_percent$$00000010  c_w.l(_printf_llo.o)
    0x08000270   0x08000270   0x00000006   Code   RO          263    .ARM.Collect$$_printf_percent$$00000011  c_w.l(_printf_llx.o)
    0x08000276   0x08000276   0x0000000a   Code   RO          259    .ARM.Collect$$_printf_percent$$00000012  c_w.l(_printf_l.o)
    0x08000280   0x08000280   0x00000006   Code   RO          241    .ARM.Collect$$_printf_percent$$00000013  c_w.l(_printf_c.o)
    0x08000286   0x08000286   0x00000006   Code   RO          242    .ARM.Collect$$_printf_percent$$00000014  c_w.l(_printf_s.o)
    0x0800028c   0x0800028c   0x00000006   Code   RO          260    .ARM.Collect$$_printf_percent$$00000015  c_w.l(_printf_lc.o)
    0x08000292   0x08000292   0x00000006   Code   RO          261    .ARM.Collect$$_printf_percent$$00000016  c_w.l(_printf_ls.o)
    0x08000298   0x08000298   0x00000004   Code   RO          317    .ARM.Collect$$_printf_percent$$00000017  c_w.l(_printf_percent_end.o)
    0x0800029c   0x0800029c   0x00000002   Code   RO          465    .ARM.Collect$$libinit$$00000000  c_w.l(libinit.o)
    0x0800029e   0x0800029e   0x00000004   Code   RO          466    .ARM.Collect$$libinit$$00000001  c_w.l(libinit2.o)
    0x080002a2   0x080002a2   0x00000000   Code   RO          469    .ARM.Collect$$libinit$$00000004  c_w.l(libinit2.o)
    0x080002a2   0x080002a2   0x00000008   Code   RO          470    .ARM.Collect$$libinit$$00000005  c_w.l(libinit2.o)
    0x080002aa   0x080002aa   0x00000000   Code   RO          472    .ARM.Collect$$libinit$$0000000A  c_w.l(libinit2.o)
    0x080002aa   0x080002aa   0x00000000   Code   RO          474    .ARM.Collect$$libinit$$0000000C  c_w.l(libinit2.o)
    0x080002aa   0x080002aa   0x00000000   Code   RO          476    .ARM.Collect$$libinit$$0000000E  c_w.l(libinit2.o)
    0x080002aa   0x080002aa   0x00000006   Code   RO          477    .ARM.Collect$$libinit$$0000000F  c_w.l(libinit2.o)
    0x080002b0   0x080002b0   0x00000000   Code   RO          479    .ARM.Collect$$libinit$$00000011  c_w.l(libinit2.o)
    0x080002b0   0x080002b0   0x0000000c   Code   RO          480    .ARM.Collect$$libinit$$00000012  c_w.l(libinit2.o)
    0x080002bc   0x080002bc   0x00000000   Code   RO          481    .ARM.Collect$$libinit$$00000013  c_w.l(libinit2.o)
    0x080002bc   0x080002bc   0x00000000   Code   RO          483    .ARM.Collect$$libinit$$00000015  c_w.l(libinit2.o)
    0x080002bc   0x080002bc   0x0000000a   Code   RO          484    .ARM.Collect$$libinit$$00000016  c_w.l(libinit2.o)
    0x080002c6   0x080002c6   0x00000000   Code   RO          485    .ARM.Collect$$libinit$$00000017  c_w.l(libinit2.o)
    0x080002c6   0x080002c6   0x00000000   Code   RO          487    .ARM.Collect$$libinit$$00000019  c_w.l(libinit2.o)
    0x080002c6   0x080002c6   0x00000000   Code   RO          489    .ARM.Collect$$libinit$$0000001B  c_w.l(libinit2.o)
    0x080002c6   0x080002c6   0x00000000   Code   RO          491    .ARM.Collect$$libinit$$0000001D  c_w.l(libinit2.o)
    0x080002c6   0x080002c6   0x00000000   Code   RO          493    .ARM.Collect$$libinit$$0000001F  c_w.l(libinit2.o)
    0x080002c6   0x080002c6   0x00000000   Code   RO          495    .ARM.Collect$$libinit$$00000021  c_w.l(libinit2.o)
    0x080002c6   0x080002c6   0x00000000   Code   RO          497    .ARM.Collect$$libinit$$00000023  c_w.l(libinit2.o)
    0x080002c6   0x080002c6   0x00000004   Code   RO          498    .ARM.Collect$$libinit$$00000024  c_w.l(libinit2.o)
    0x080002ca   0x080002ca   0x00000000   Code   RO          499    .ARM.Collect$$libinit$$00000025  c_w.l(libinit2.o)
    0x080002ca   0x080002ca   0x00000000   Code   RO          503    .ARM.Collect$$libinit$$0000002C  c_w.l(libinit2.o)
    0x080002ca   0x080002ca   0x00000000   Code   RO          505    .ARM.Collect$$libinit$$0000002E  c_w.l(libinit2.o)
    0x080002ca   0x080002ca   0x00000000   Code   RO          507    .ARM.Collect$$libinit$$00000030  c_w.l(libinit2.o)
    0x080002ca   0x080002ca   0x00000000   Code   RO          509    .ARM.Collect$$libinit$$00000032  c_w.l(libinit2.o)
    0x080002ca   0x080002ca   0x00000002   Code   RO          510    .ARM.Collect$$libinit$$00000033  c_w.l(libinit2.o)
    0x080002cc   0x080002cc   0x00000002   Code   RO          672    .ARM.Collect$$libshutdown$$00000000  c_w.l(libshutdown.o)
    0x080002ce   0x080002ce   0x00000000   Code   RO          512    .ARM.Collect$$libshutdown$$00000002  c_w.l(libshutdown2.o)
    0x080002ce   0x080002ce   0x00000004   Code   RO          513    .ARM.Collect$$libshutdown$$00000003  c_w.l(libshutdown2.o)
    0x080002d2   0x080002d2   0x00000000   Code   RO          514    .ARM.Collect$$libshutdown$$00000004  c_w.l(libshutdown2.o)
    0x080002d2   0x080002d2   0x00000000   Code   RO          517    .ARM.Collect$$libshutdown$$00000007  c_w.l(libshutdown2.o)
    0x080002d2   0x080002d2   0x00000000   Code   RO          520    .ARM.Collect$$libshutdown$$0000000A  c_w.l(libshutdown2.o)
    0x080002d2   0x080002d2   0x00000000   Code   RO          522    .ARM.Collect$$libshutdown$$0000000C  c_w.l(libshutdown2.o)
    0x080002d2   0x080002d2   0x00000000   Code   RO          525    .ARM.Collect$$libshutdown$$0000000F  c_w.l(libshutdown2.o)
    0x080002d2   0x080002d2   0x00000002   Code   RO          526    .ARM.Collect$$libshutdown$$00000010  c_w.l(libshutdown2.o)
    0x080002d4   0x080002d4   0x00000000   Code   RO          170    .ARM.Collect$$rtentry$$00000000  c_w.l(__rtentry.o)
    0x080002d4   0x080002d4   0x00000000   Code   RO          284    .ARM.Collect$$rtentry$$00000002  c_w.l(__rtentry2.o)
    0x080002d4   0x080002d4   0x00000006   Code   RO          296    .ARM.Collect$$rtentry$$00000004  c_w.l(__rtentry4.o)
    0x080002da   0x080002da   0x00000000   Code   RO          286    .ARM.Collect$$rtentry$$00000009  c_w.l(__rtentry2.o)
    0x080002da   0x080002da   0x00000004   Code   RO          287    .ARM.Collect$$rtentry$$0000000A  c_w.l(__rtentry2.o)
    0x080002de   0x080002de   0x00000000   Code   RO          289    .ARM.Collect$$rtentry$$0000000C  c_w.l(__rtentry2.o)
    0x080002de   0x080002de   0x00000008   Code   RO          290    .ARM.Collect$$rtentry$$0000000D  c_w.l(__rtentry2.o)
    0x080002e6   0x080002e6   0x00000002   Code   RO          536    .ARM.Collect$$rtexit$$00000000  c_w.l(rtexit.o)
    0x080002e8   0x080002e8   0x00000000   Code   RO          599    .ARM.Collect$$rtexit$$00000002  c_w.l(rtexit2.o)
    0x080002e8   0x080002e8   0x00000004   Code   RO          600    .ARM.Collect$$rtexit$$00000003  c_w.l(rtexit2.o)
    0x080002ec   0x080002ec   0x00000006   Code   RO          601    .ARM.Collect$$rtexit$$00000004  c_w.l(rtexit2.o)
    0x080002f2   0x080002f2   0x00000002   PAD
    0x080002f4   0x080002f4   0x00000040   Code   RO            4  * .text               startup_stm32f411xe.o
    0x08000334   0x08000334   0x0000014e   Code   RO           10    .text               system_stm32f4xx.o
    0x08000482   0x08000482   0x00000002   PAD
    0x08000484   0x08000484   0x00000b5c   Code   RO           20    .text               stm32f4xx_ll_tim.o
    0x08000fe0   0x08000fe0   0x000004d4   Code   RO           27    .text               stm32f4xx_ll_gpio.o
    0x080014b4   0x080014b4   0x00000366   Code   RO           34    .text               stm32f4xx_ll_usart.o
    0x0800181a   0x0800181a   0x00000002   PAD
    0x0800181c   0x0800181c   0x0000052c   Code   RO           41    .text               stm32f4xx_ll_rcc.o
    0x08001d48   0x08001d48   0x0000005a   Code   RO           48    .text               main.o
    0x08001da2   0x08001da2   0x00000006   PAD
    0x08001da8   0x08001da8   0x00000150   Code   RO           57    .text               display.o
    0x08001ef8   0x08001ef8   0x00000144   Code   RO           67    .text               led.o
    0x0800203c   0x0800203c   0x00000494   Code   RO           74    .text               sw.o
    0x080024d0   0x080024d0   0x00000272   Code   RO           87    .text               timer.o
    0x08002742   0x08002742   0x00000002   PAD
    0x08002744   0x08002744   0x000001b6   Code   RO           99    .text               uart.o
    0x080028fa   0x080028fa   0x00000002   PAD
    0x080028fc   0x080028fc   0x000001f8   Code   RO          106    .text               motor.o
    0x08002af4   0x08002af4   0x0000029c   Code   RO          119    .text               vc.o
    0x08002d90   0x08002d90   0x00000380   Code   RO          130    .text               retarget_io.o
    0x08003110   0x08003110   0x000000f0   Code   RO          144    .text               c_w.l(lludivv7m.o)
    0x08003200   0x08003200   0x00000018   Code   RO          146    .text               c_w.l(printf.o)
    0x08003218   0x08003218   0x0000007c   Code   RO          148    .text               c_w.l(strcmpv7em.o)
    0x08003294   0x08003294   0x00000006   Code   RO          150    .text               c_w.l(heapauxi.o)
    0x0800329a   0x0800329a   0x0000004e   Code   RO          177    .text               c_w.l(_printf_pad.o)
    0x080032e8   0x080032e8   0x00000024   Code   RO          179    .text               c_w.l(_printf_truncate.o)
    0x0800330c   0x0800330c   0x00000052   Code   RO          181    .text               c_w.l(_printf_str.o)
    0x0800335e   0x0800335e   0x00000002   PAD
    0x08003360   0x08003360   0x00000078   Code   RO          183    .text               c_w.l(_printf_dec.o)
    0x080033d8   0x080033d8   0x00000028   Code   RO          185    .text               c_w.l(_printf_charcount.o)
    0x08003400   0x08003400   0x00000024   Code   RO          187    .text               c_w.l(_printf_char_file.o)
    0x08003424   0x08003424   0x000000bc   Code   RO          189    .text               c_w.l(_printf_wctomb.o)
    0x080034e0   0x080034e0   0x0000007c   Code   RO          192    .text               c_w.l(_printf_longlong_dec.o)
    0x0800355c   0x0800355c   0x00000070   Code   RO          198    .text               c_w.l(_printf_oct_int_ll.o)
    0x080035cc   0x080035cc   0x00000094   Code   RO          218    .text               c_w.l(_printf_hex_int_ll_ptr.o)
    0x08003660   0x08003660   0x00000188   Code   RO          238    .text               c_w.l(__printf_flags_ss_wp.o)
    0x080037e8   0x080037e8   0x0000008a   Code   RO          300    .text               c_w.l(lludiv10.o)
    0x08003872   0x08003872   0x000000b2   Code   RO          302    .text               c_w.l(_printf_intcommon.o)
    0x08003924   0x08003924   0x0000041c   Code   RO          304    .text               c_w.l(_printf_fp_dec.o)
    0x08003d40   0x08003d40   0x000002fc   Code   RO          308    .text               c_w.l(_printf_fp_hex.o)
    0x0800403c   0x0800403c   0x00000030   Code   RO          311    .text               c_w.l(_printf_char_common.o)
    0x0800406c   0x0800406c   0x0000002c   Code   RO          313    .text               c_w.l(_printf_char.o)
    0x08004098   0x08004098   0x0000002c   Code   RO          315    .text               c_w.l(_printf_wchar.o)
    0x080040c4   0x080040c4   0x00000008   Code   RO          318    .text               c_w.l(ferror.o)
    0x080040cc   0x080040cc   0x00000138   Code   RO          324    .text               c_w.l(initio.o)
    0x08004204   0x08004204   0x00000048   Code   RO          332    .text               c_w.l(_c16rtomb.o)
    0x0800424c   0x0800424c   0x0000004a   Code   RO          336    .text               c_w.l(sys_stackheap_outer.o)
    0x08004296   0x08004296   0x00000002   PAD
    0x08004298   0x08004298   0x00000010   Code   RO          338    .text               c_w.l(rt_ctype_table.o)
    0x080042a8   0x080042a8   0x00000008   Code   RO          343    .text               c_w.l(rt_locale_intlibspace.o)
    0x080042b0   0x080042b0   0x0000004e   Code   RO          347    .text               c_w.l(h1_free.o)
    0x080042fe   0x080042fe   0x00000002   PAD
    0x08004300   0x08004300   0x00000080   Code   RO          401    .text               c_w.l(_printf_fp_infnan.o)
    0x08004380   0x08004380   0x000000e4   Code   RO          405    .text               c_w.l(bigflt0.o)
    0x08004464   0x08004464   0x000001d6   Code   RO          432    .text               c_w.l(flsbuf.o)
    0x0800463a   0x0800463a   0x00000046   Code   RO          434    .text               c_w.l(setvbuf.o)
    0x08004680   0x08004680   0x000000f0   Code   RO          437    .text               c_w.l(fopen.o)
    0x08004770   0x08004770   0x0000004c   Code   RO          439    .text               c_w.l(fclose.o)
    0x080047bc   0x080047bc   0x00000012   Code   RO          448    .text               c_w.l(exit.o)
    0x080047ce   0x080047ce   0x0000000e   Code   RO          454    .text               c_w.l(defsig_rtred_outer.o)
    0x080047dc   0x080047dc   0x0000004e   Code   RO          458    .text               c_w.l(rt_memclr_w.o)
    0x0800482a   0x0800482a   0x00000002   PAD
    0x0800482c   0x0800482c   0x00000008   Code   RO          533    .text               c_w.l(libspace.o)
    0x08004834   0x08004834   0x00000008   Code   RO          543    .text               c_w.l(rt_heap_descriptor_intlibspace.o)
    0x0800483c   0x0800483c   0x00000004   Code   RO          545    .text               c_w.l(hguard.o)
    0x08004840   0x08004840   0x0000008a   Code   RO          547    .text               c_w.l(init_alloc.o)
    0x080048ca   0x080048ca   0x0000005e   Code   RO          553    .text               c_w.l(h1_alloc.o)
    0x08004928   0x08004928   0x000000f8   Code   RO          569    .text               c_w.l(fseek.o)
    0x08004a20   0x08004a20   0x000000f0   Code   RO          571    .text               c_w.l(stdio.o)
    0x08004b10   0x08004b10   0x0000000a   Code   RO          580    .text               c_w.l(defsig_exit.o)
    0x08004b1a   0x08004b1a   0x00000002   PAD
    0x08004b1c   0x08004b1c   0x00000034   Code   RO          584    .text               c_w.l(defsig_rtred_inner.o)
    0x08004b50   0x08004b50   0x0000000c   Code   RO          594    .text               c_w.l(sys_exit.o)
    0x08004b5c   0x08004b5c   0x00000000   Code   RO          605    .text               c_w.l(maybetermalloc1.o)
    0x08004b5c   0x08004b5c   0x0000000e   Code   RO          607    .text               c_w.l(h1_init.o)
    0x08004b6a   0x08004b6a   0x00000034   Code   RO          609    .text               c_w.l(h1_extend.o)
    0x08004b9e   0x08004b9e   0x00000042   Code   RO          621    .text               c_w.l(ftell.o)
    0x08004be0   0x08004be0   0x00000032   Code   RO          629    .text               c_w.l(defsig_general.o)
    0x08004c12   0x08004c12   0x0000000e   Code   RO          631    .text               c_w.l(defsig_rtmem_outer.o)
    0x08004c20   0x08004c20   0x0000000e   Code   RO          646    .text               c_w.l(sys_wrch.o)
    0x08004c2e   0x08004c2e   0x00000002   Code   RO          654    .text               c_w.l(use_no_semi.o)
    0x08004c30   0x08004c30   0x00000000   Code   RO          656    .text               c_w.l(indicate_semi.o)
    0x08004c30   0x08004c30   0x00000008   Code   RO          660    .text               c_w.l(rt_errno_addr_intlibspace.o)
    0x08004c38   0x08004c38   0x00000050   Code   RO          666    .text               c_w.l(defsig_rtmem_inner.o)
    0x08004c88   0x08004c88   0x0000003e   Code   RO          408    CL$$btod_d2e        c_w.l(btod.o)
    0x08004cc6   0x08004cc6   0x00000046   Code   RO          410    CL$$btod_d2e_denorm_low  c_w.l(btod.o)
    0x08004d0c   0x08004d0c   0x00000060   Code   RO          409    CL$$btod_d2e_norm_op1  c_w.l(btod.o)
    0x08004d6c   0x08004d6c   0x00000338   Code   RO          418    CL$$btod_div_common  c_w.l(btod.o)
    0x080050a4   0x080050a4   0x000000dc   Code   RO          415    CL$$btod_e2e        c_w.l(btod.o)
    0x08005180   0x08005180   0x0000002a   Code   RO          412    CL$$btod_ediv       c_w.l(btod.o)
    0x080051aa   0x080051aa   0x0000002a   Code   RO          411    CL$$btod_emul       c_w.l(btod.o)
    0x080051d4   0x080051d4   0x00000244   Code   RO          417    CL$$btod_mult_common  c_w.l(btod.o)
    0x08005418   0x08005418   0x00000030   Code   RO          531    i.__ARM_fpclassify  m_wm.l(fpclassify.o)
    0x08005448   0x08005448   0x0000000e   Code   RO          231    i._is_digit         c_w.l(__printf_wp.o)
    0x08005456   0x08005456   0x0000001a   Code   RO          321    i.fputc             c_w.l(fputc.o)
    0x08005470   0x08005470   0x0000002c   Code   RO          446    locale$$code        c_w.l(lc_numeric_c.o)
    0x0800549c   0x0800549c   0x0000002c   Code   RO          578    locale$$code        c_w.l(lc_ctype_c.o)
    0x080054c8   0x080054c8   0x00000150   Code   RO          154    x$fpl$dadd          fz_wm.l(daddsub_clz.o)
    0x08005618   0x08005618   0x0000005a   Code   RO          160    x$fpl$dfixu         fz_wm.l(dfixu.o)
    0x08005672   0x08005672   0x00000026   Code   RO          164    x$fpl$dfltu         fz_wm.l(dflt_clz.o)
    0x08005698   0x08005698   0x0000009c   Code   RO          270    x$fpl$dnaninf       fz_wm.l(dnaninf.o)
    0x08005734   0x08005734   0x0000000c   Code   RO          272    x$fpl$dretinf       fz_wm.l(dretinf.o)
    0x08005740   0x08005740   0x000001dc   Code   RO          156    x$fpl$dsub          fz_wm.l(daddsub_clz.o)
    0x0800591c   0x0800591c   0x0000001a   Code   RO          592    x$fpl$fpinit        fz_wm.l(fpinit.o)
    0x08005936   0x08005936   0x00000004   Code   RO          274    x$fpl$printf1       fz_wm.l(printf1.o)
    0x0800593a   0x0800593a   0x00000004   Code   RO          276    x$fpl$printf2       fz_wm.l(printf2.o)
    0x0800593e   0x0800593e   0x00000000   Code   RO          282    x$fpl$usenofp       fz_wm.l(usenofp.o)
    0x0800593e   0x0800593e   0x00000002   PAD
    0x08005940   0x08005940   0x00000008   Data   RO          190    .constdata          c_w.l(_printf_wctomb.o)
    0x08005948   0x08005948   0x00000028   Data   RO          219    .constdata          c_w.l(_printf_hex_int_ll_ptr.o)
    0x08005970   0x08005970   0x00000011   Data   RO          239    .constdata          c_w.l(__printf_flags_ss_wp.o)
    0x08005981   0x08005981   0x00000026   Data   RO          309    .constdata          c_w.l(_printf_fp_hex.o)
    0x080059a7   0x080059a7   0x00000001   PAD
    0x080059a8   0x080059a8   0x00000094   Data   RO          406    .constdata          c_w.l(bigflt0.o)
    0x08005a3c   0x08005a3c   0x00000010   Data   RO           13    .rodata.AHBPrescTable  system_stm32f4xx.o
    0x08005a4c   0x08005a4c   0x00000008   Data   RO           14    .rodata.APBPrescTable  system_stm32f4xx.o
    0x08005a54   0x08005a54   0x00000008   Data   RO          135    .rodata.__stderr_name  retarget_io.o
    0x08005a5c   0x08005a5c   0x00000007   Data   RO          133    .rodata.__stdin_name  retarget_io.o
    0x08005a63   0x08005a63   0x00000008   Data   RO          134    .rodata.__stdout_name  retarget_io.o
    0x08005a6b   0x08005a6b   0x00000020   Data   RO           50    .rodata.str1.1      main.o
    0x08005a8b   0x08005a8b   0x00000026   Data   RO           61    .rodata.str1.1      display.o
    0x08005ab1   0x08005ab1   0x00000017   Data   RO          136    .rodata.str1.1      retarget_io.o
    0x08005ac8   0x08005ac8   0x00000020   Data   RO          690    Region$$Table       anon$$obj.o
    0x08005ae8   0x08005ae8   0x0000001c   Data   RO          445    locale$$data        c_w.l(lc_numeric_c.o)
    0x08005b04   0x08005b04   0x00000110   Data   RO          577    locale$$data        c_w.l(lc_ctype_c.o)


    Execution Region ER_RW (Exec base: 0x20000000, Load base: 0x08005c14, Size: 0x00000014, Max: 0xffffffff, ABSOLUTE)

    Exec Addr    Load Addr    Size         Type   Attr      Idx    E Section Name        Object

    0x20000000   0x08005c14   0x00000004   Data   RW          267    .data               c_w.l(stdio_streams.o)
    0x20000004   0x08005c18   0x00000004   Data   RW          268    .data               c_w.l(stdio_streams.o)
    0x20000008   0x08005c1c   0x00000004   Data   RW          269    .data               c_w.l(stdio_streams.o)
    0x2000000c   0x08005c20   0x00000004   Data   RW          132    .data.ITM_RxBuffer  retarget_io.o
    0x20000010   0x08005c24   0x00000004   Data   RW           12    .data.SystemCoreClock  system_stm32f4xx.o


    Execution Region ER_ZI (Exec base: 0x20000018, Load base: 0x08005c28, Size: 0x000007c0, Max: 0xffffffff, ABSOLUTE)

    Exec Addr    Load Addr    Size         Type   Attr      Idx    E Section Name        Object

    0x20000018        -       0x00000054   Zero   RW          264    .bss                c_w.l(stdio_streams.o)
    0x2000006c        -       0x00000054   Zero   RW          265    .bss                c_w.l(stdio_streams.o)
    0x200000c0        -       0x00000054   Zero   RW          266    .bss                c_w.l(stdio_streams.o)
    0x20000114        -       0x00000060   Zero   RW          534    .bss                c_w.l(libspace.o)
    0x20000174        -       0x00000004   Zero   RW          113    .bss.Current_Angle  motor.o
    0x20000178        -       0x00000004   Zero   RW           60    .bss.DISP_Update.DISP_counter  display.o
    0x2000017c        -       0x00000001   Zero   RW          112    .bss.Motor_Update.toggler  motor.o
    0x2000017d        -       0x00000001   Zero   RW          108    .bss.Motor_state    motor.o
    0x2000017e        -       0x00000001   Zero   RW           90    .bss.Period_Flag    timer.o
    0x2000017f        -       0x00000001   Zero   RW           79    .bss.Pressed_Sw_Flag  sw.o
    0x20000180        -       0x00000004   Zero   RW           81    .bss.SW_Update.SW_counter  sw.o
    0x20000184        -       0x00000018   Zero   RW           80    .bss.SWs_Info       sw.o
    0x2000019c        -       0x00000004   Zero   RW          110    .bss.Set_Angle      motor.o
    0x200001a0        -       0x00000001   Zero   RW          109    .bss.State          motor.o
    0x200001a1   0x08005c28   0x00000003   PAD
    0x200001a4        -       0x00000004   Zero   RW           92    .bss.SysTick_Handler.Current_Degree  timer.o
    0x200001a8        -       0x00000002   Zero   RW           93    .bss.SysTick_Handler.Debouncer_Counter  timer.o
    0x200001aa   0x08005c28   0x00000002   PAD
    0x200001ac        -       0x00000014   Zero   RW           91    .bss.TIMER2         timer.o
    0x200001c0        -       0x00000004   Zero   RW          111    .bss.Target_Angle   motor.o
    0x200001c4        -       0x00000004   Zero   RW          123    .bss.VC_Update.old_pressed_time  vc.o
    0x200001c8        -       0x00000004   Zero   RW          124    .bss.VC_Update.vc_counter  vc.o
    0x200001cc        -       0x00000001   Zero   RW          121    .bss.dust           vc.o
    0x200001cd        -       0x00000001   Zero   RW           78    .bss.dust_sw        sw.o
    0x200001ce        -       0x00000001   Zero   RW           77    .bss.minus_sw       sw.o
    0x200001cf        -       0x00000001   Zero   RW          122    .bss.motor_speed    vc.o
    0x200001d0        -       0x00000001   Zero   RW           76    .bss.plus_sw        sw.o
    0x200001d1   0x08005c28   0x00000003   PAD
    0x200001d4        -       0x00000004   Zero   RW           59    .bss.speed          display.o
    0x200001d8        -       0x00000200   Zero   RW            2    HEAP                startup_stm32f411xe.o
    0x200003d8        -       0x00000400   Zero   RW            1    STACK               startup_stm32f411xe.o


==============================================================================

Image component sizes


      Code (inc. data)   RO Data    RW Data    ZI Data      Debug   Object Name

       336          8         38          0          8       1136   display.o
       324          0          0          0          0       2996   led.o
        90          0         32          0          0        434   main.o
       504          0          0          0         15       3018   motor.o
       896          0         46          4          0       3020   retarget_io.o
        64         26        408          0       1536        892   startup_stm32f411xe.o
      1236          0          0          0          0       4816   stm32f4xx_ll_gpio.o
      1324          0          0          0          0       5587   stm32f4xx_ll_rcc.o
      2908          0          0          0          0       8748   stm32f4xx_ll_tim.o
       870          0          0          0          0       4614   stm32f4xx_ll_usart.o
      1172          4          0          0         32       3692   sw.o
       334          0         24          4          0       2509   system_stm32f4xx.o
       626          0          0          0         27       5911   timer.o
       438          0          0          0          0       3625   uart.o
       668          0          0          0         10       1468   vc.o

    ----------------------------------------------------------------------
     11804         38        580          8       1636      52466   Object Totals
         0          0         32          0          0          0   (incl. Generated)
        14          0          0          0          8          0   (incl. Padding)

    ----------------------------------------------------------------------

      Code (inc. data)   RO Data    RW Data    ZI Data      Debug   Library Member Name

         8          0          0          0          0         68   __main.o
       392          4         17          0          0         92   __printf_flags_ss_wp.o
        14          0          0          0          0         68   __printf_wp.o
         0          0          0          0          0          0   __rtentry.o
        12          0          0          0          0          0   __rtentry2.o
         6          0          0          0          0          0   __rtentry4.o
        52          8          0          0          0          0   __scatter.o
        26          0          0          0          0          0   __scatter_copy.o
        28          0          0          0          0          0   __scatter_zi.o
        72          0          0          0          0         96   _c16rtomb.o
         6          0          0          0          0          0   _printf_a.o
         6          0          0          0          0          0   _printf_c.o
        44          0          0          0          0        108   _printf_char.o
        48          6          0          0          0         96   _printf_char_common.o
        36          4          0          0          0         80   _printf_char_file.o
        40          0          0          0          0         68   _printf_charcount.o
         6          0          0          0          0          0   _printf_d.o
       120         16          0          0          0         92   _printf_dec.o
         6          0          0          0          0          0   _printf_e.o
         6          0          0          0          0          0   _printf_f.o
      1052          0          0          0          0        148   _printf_fp_dec.o
       764          8         38          0          0        100   _printf_fp_hex.o
       128         16          0          0          0         84   _printf_fp_infnan.o
         6          0          0          0          0          0   _printf_g.o
       148          4         40          0          0        160   _printf_hex_int_ll_ptr.o
         6          0          0          0          0          0   _printf_i.o
       178          0          0          0          0         88   _printf_intcommon.o
        10          0          0          0          0          0   _printf_l.o
         6          0          0          0          0          0   _printf_lc.o
        10          0          0          0          0          0   _printf_ll.o
         6          0          0          0          0          0   _printf_lld.o
         6          0          0          0          0          0   _printf_lli.o
         6          0          0          0          0          0   _printf_llo.o
         6          0          0          0          0          0   _printf_llu.o
         6          0          0          0          0          0   _printf_llx.o
       124         16          0          0          0         92   _printf_longlong_dec.o
         6          0          0          0          0          0   _printf_ls.o
         6          0          0          0          0          0   _printf_n.o
         6          0          0          0          0          0   _printf_o.o
       112          8          0          0          0        124   _printf_oct_int_ll.o
         6          0          0          0          0          0   _printf_p.o
        78          0          0          0          0        108   _printf_pad.o
         0          0          0          0          0          0   _printf_percent.o
         4          0          0          0          0          0   _printf_percent_end.o
         6          0          0          0          0          0   _printf_s.o
        82          0          0          0          0         80   _printf_str.o
        36          0          0          0          0         84   _printf_truncate.o
         6          0          0          0          0          0   _printf_u.o
        44          0          0          0          0        108   _printf_wchar.o
       188          6          8          0          0         92   _printf_wctomb.o
         6          0          0          0          0          0   _printf_x.o
       228          4        148          0          0         96   bigflt0.o
      1936        128          0          0          0        668   btod.o
        10          0          0          0          0         68   defsig_exit.o
        50          0          0          0          0         88   defsig_general.o
        80         58          0          0          0         76   defsig_rtmem_inner.o
        14          0          0          0          0         80   defsig_rtmem_outer.o
        52         38          0          0          0         76   defsig_rtred_inner.o
        14          0          0          0          0         80   defsig_rtred_outer.o
        18          0          0          0          0         80   exit.o
        76          0          0          0          0         88   fclose.o
         8          0          0          0          0         68   ferror.o
       470          0          0          0          0         88   flsbuf.o
       240          6          0          0          0        128   fopen.o
        26          0          0          0          0         68   fputc.o
       248          6          0          0          0         84   fseek.o
        66          0          0          0          0         76   ftell.o
        94          0          0          0          0         80   h1_alloc.o
        52          0          0          0          0         68   h1_extend.o
        78          0          0          0          0         80   h1_free.o
        14          0          0          0          0         84   h1_init.o
         6          0          0          0          0        152   heapauxi.o
         4          0          0          0          0        136   hguard.o
         0          0          0          0          0          0   indicate_semi.o
       138          0          0          0          0        168   init_alloc.o
       312         46          0          0          0        112   initio.o
        44         10        272          0          0         76   lc_ctype_c.o
        44         10         28          0          0         76   lc_numeric_c.o
         2          0          0          0          0          0   libinit.o
        46          0          0          0          0          0   libinit2.o
         2          0          0          0          0          0   libshutdown.o
         6          0          0          0          0          0   libshutdown2.o
         8          4          0          0         96         68   libspace.o
       138          0          0          0          0         80   lludiv10.o
       240          0          0          0          0        100   lludivv7m.o
         0          0          0          0          0          0   maybetermalloc1.o
        24          4          0          0          0         84   printf.o
        16          4          0          0          0         76   rt_ctype_table.o
         8          4          0          0          0         68   rt_errno_addr_intlibspace.o
         8          4          0          0          0         68   rt_heap_descriptor_intlibspace.o
         8          4          0          0          0         68   rt_locale_intlibspace.o
        78          0          0          0          0         80   rt_memclr_w.o
         2          0          0          0          0          0   rtexit.o
        10          0          0          0          0          0   rtexit2.o
        70          0          0          0          0         80   setvbuf.o
       240          6          0          0          0        156   stdio.o
         0          0          0         12        252          0   stdio_streams.o
       124          0          0          0          0         88   strcmpv7em.o
        12          4          0          0          0         68   sys_exit.o
        74          0          0          0          0         80   sys_stackheap_outer.o
        14          0          0          0          0         76   sys_wrch.o
         2          0          0          0          0         68   use_no_semi.o
       812         16          0          0          0        392   daddsub_clz.o
        90          4          0          0          0        140   dfixu.o
        38          0          0          0          0        116   dflt_clz.o
       156          4          0          0          0        140   dnaninf.o
        12          0          0          0          0        116   dretinf.o
        26          0          0          0          0        116   fpinit.o
         4          0          0          0          0        116   printf1.o
         4          0          0          0          0        116   printf2.o
         0          0          0          0          0          0   usenofp.o
        48          0          0          0          0        124   fpclassify.o

    ----------------------------------------------------------------------
     10636        460        552         12        348       7664   Library Totals
        16          0          1          0          0          0   (incl. Padding)

    ----------------------------------------------------------------------

      Code (inc. data)   RO Data    RW Data    ZI Data      Debug   Library Name

      9430        436        551         12        348       6288   c_w.l
      1142         24          0          0          0       1252   fz_wm.l
        48          0          0          0          0        124   m_wm.l

    ----------------------------------------------------------------------
     10636        460        552         12        348       7664   Library Totals

    ----------------------------------------------------------------------

==============================================================================


      Code (inc. data)   RO Data    RW Data    ZI Data      Debug   

     22440        498       1132         20       1984      55638   Grand Totals
     22440        498       1132         20       1984      55638   ELF Image Totals
     22440        498       1132         20          0          0   ROM Totals

==============================================================================

    Total RO  Size (Code + RO Data)                23572 (  23.02kB)
    Total RW  Size (RW Data + ZI Data)              2004 (   1.96kB)
    Total ROM Size (Code + RO Data + RW Data)      23592 (  23.04kB)

==============================================================================

